// Jest Snapshot v1, https://goo.gl/fbAQLP

exports[`Image has expected static styles 1`] = `ReactWrapper {}`;
